// Jest Snapshot v1, https://goo.gl/fbAQLP

exports[`<Form> (all props) should render 1`] = `
<form
  autoComplete="on"
  onReset={[Function]}
  onSubmit={[Function]}
>
  fill out the form!
  <FieldClone
    field={Object {}}
    fieldComp={
      <TextField
        data-validators="isRequired,isBorat"
        label="Name"
        name="name"
        required={false}
        select={false}
        type="text"
        value="123"
      />
    }
    key="name/.1"
    onConstruct={[Function]}
    onValueChange={[Function]}
    useNativeRequiredValidator={true}
    validateInputOnBlur={false}
  />
  <div
    key=".2"
  >
    <CheckableFieldClone
      field={Object {}}
      fieldComp={
        <WithStyles(Checkbox)
          checked={false}
          name="foo"
          value="bar"
        />
      }
      key="foo/.0"
      onConstruct={[Function]}
      onToggle={[Function]}
    />
    <span
      key=".1"
    >
      FooBar
    </span>
    <FormControlLabelClone
      control={
        <WithStyles(Checkbox)
          checked={false}
          name="love"
          value="yes"
        />
      }
      field={Object {}}
      key="love/.2"
      label="I love love"
      onConstruct={[Function]}
      onToggle={[Function]}
    />
    <React.Fragment
      key=".3"
    />
  </div>
  <FormControlClone
    field={Object {}}
    formControlComp={
      <WithStyles(FormControl)
        required={true}
      >
        <WithStyles(InputLabel)>
          Age
        </WithStyles(InputLabel)>
        <WithStyles(Select)
          name="age"
          value=""
        >
          <WithStyles(MenuItem)
            value=""
          >
            <em>
              Please select your age ...
            </em>
          </WithStyles(MenuItem)>
          <WithStyles(MenuItem)
            value={10}
          >
            Teens
          </WithStyles(MenuItem)>
          <WithStyles(MenuItem)
            value={20}
          >
            Twenties
          </WithStyles(MenuItem)>
          <WithStyles(MenuItem)
            value={30}
          >
            Thirties
          </WithStyles(MenuItem)>
          <WithStyles(MenuItem)
            value="40+"
          >
            Fourties +
          </WithStyles(MenuItem)>
        </WithStyles(Select)>
      </WithStyles(FormControl)>
    }
    key="age/.3"
    onConstruct={[Function]}
    onValueChange={[Function]}
  />
  <WithStyles(Button)
    disabled={false}
    key=".4"
    type="submit"
    variant="raised"
  >
    Submit
  </WithStyles(Button)>
</form>
`;

exports[`<Form> (no props) should render 1`] = `
<form
  autoComplete="off"
  onReset={[Function]}
  onSubmit={[Function]}
>
  <input
    key=".0"
    type="text"
  />
</form>
`;
